Function: main
print
f
g
---------------
Function: f
---------------
Function: g
---------------
