Function: main
f
print
---------------
Function: f
g
---------------
Function: g
h
---------------
Function: h
---------------
