Program
  List
    FuncDecl
      IdDecl ID="a"
      Block
        List
    FuncDecl
      IdDecl ID="b"
      Block
        List
