Function: main
h
f
g
print
---------------
Function: f
h
g
---------------
Function: g
h
---------------
Function: h
---------------
