Function: main
f
---------------
Function: f
---------------
Function: g
---------------
Function: h
f
---------------
